Script started on 2022-07-26 17:07:06+05:30 [TERM="xterm-256color" TTY="/dev/pts/0" COLUMNS="120" LINES="30"]
]0;janaki@TIGER03521: ~[01;32mjanaki@TIGER03521[00m:[01;34m~[00m$ git --version
git version 2.25.1
]0;janaki@TIGER03521: ~[01;32mjanaki@TIGER03521[00m:[01;34m~[00m$ git config --list --show-origin
[?1h=file:/home/janaki/.gitconfig    user.name=janakiguggilla[m
file:/home/janaki/.gitconfig    user.email=janaki.guggilla@tigeranalytics.com[m
file:/home/janaki/.gitconfig    core.editor=Notepad++[m
[K[?1l>]0;janaki@TIGER03521: ~[01;32mjanaki@TIGER03521[00m:[01;34m~[00m$ git config --global core.editor Notepad++
]0;janaki@TIGER03521: ~[01;32mjanaki@TIGER03521[00m:[01;34m~[00m$ cd /mnr[Kt/c [K/Users/janaki.guggilla/Assignment
bash: cd: /mnt/c/Users/janaki.guggilla/Assignment: No such file or directory
]0;janaki@TIGER03521: ~[01;32mjanaki@TIGER03521[00m:[01;34m~[00m$ cd mnt/c/Users/janaki.guggilla.[K/Dpo[K[Kownloads/Assignment
bash: cd: mnt/c/Users/janaki.guggilla/Downloads/Assignment: No such file or directory
]0;janaki@TIGER03521: ~[01;32mjanaki@TIGER03521[00m:[01;34m~[00m$ cd mnt/c/Users/janaki.guggilla/Downloads/Assignment/ mnt/c/Users/janaki.guggilla/Downloads/Assignment[C[C[C[C[C[C[C[C[C[C[C[C[C[C[C[C[C[C[C[C[C[C[C[C[1P mnt/c/Users/janaki.guggilla/Downloads/Assignment[C[C[C[C[C[C[C[C[C[C[C[C[C[C[C[C[C[C[C[C[C[C[C[C/mnt/c/Users/janaki.guggilla/Downloads/Assignment[C[C[C[C[C[C[C[C[C[C[C[C[C[C[C[C[C[C[C[C[C[C[C[C[C
]0;janaki@TIGER03521: /mnt/c/Users/janaki.guggilla/Downloads/Assignment[01;32mjanaki@TIGER03521[00m:[01;34m/mnt/c/Users/janaki.guggilla/Downloads/Assignment[00m$ git[K[K[Kgit init
Initialized empty Git repository in /mnt/c/Users/janaki.guggilla/Downloads/Assignment/.git/
]0;janaki@TIGER03521: /mnt/c/Users/janaki.guggilla/Downloads/Assignment[01;32mjanaki@TIGER03521[00m:[01;34m/mnt/c/Users/janaki.guggilla/Downloads/Assignment[00m$ git add
Nothing specified, nothing added.
Maybe you wanted to say 'git add .'?
]0;janaki@TIGER03521: /mnt/c/Users/janaki.guggilla/Downloads/Assignment[01;32mjanaki@TIGER03521[00m:[01;34m/mnt/c/Users/janaki.guggilla/Downloads/Assignment[00m$ git add .
]0;janaki@TIGER03521: /mnt/c/Users/janaki.guggilla/Downloads/Assignment[01;32mjanaki@TIGER03521[00m:[01;34m/mnt/c/Users/janaki.guggilla/Downloads/Assignment[00m$ git commit -m "first commit"
[master (root-commit) 3447c35] first commit
 6 files changed, 14967 insertions(+)
 create mode 100644 .ipynb_checkpoints/assignment_regression-checkpoint.ipynb
 create mode 100644 ASSET_METADATA.csv
 create mode 100644 ASSET_METADATA.xlsx
 create mode 100644 Revenue Generated by a Movie Asset.pdf
 create mode 100644 Schedule Data.csv
 create mode 100644 assignment_regression.ipynb
]0;janaki@TIGER03521: /mnt/c/Users/janaki.guggilla/Downloads/Assignment[01;32mjanaki@TIGER03521[00m:[01;34m/mnt/c/Users/janaki.guggilla/Downloads/Assignment[00m$ git remote add origin git@github.com:janakiguggilla /git-tutorial.git
]0;janaki@TIGER03521: /mnt/c/Users/janaki.guggilla/Downloads/Assignment[01;32mjanaki@TIGER03521[00m:[01;34m/mnt/c/Users/janaki.guggilla/Downloads/Assignment[00m$ git push -u origin master
Warning: Permanently added the ECDSA host key for IP address '13.234.176.102' to the list of known hosts.
Enter passphrase for key '/home/janaki/.ssh/id_rsa': 
Enumerating objects: 9, done.
Counting objects:  11% (1/9)Counting objects:  22% (2/9)Counting objects:  33% (3/9)Counting objects:  44% (4/9)Counting objects:  55% (5/9)Counting objects:  66% (6/9)Counting objects:  77% (7/9)Counting objects:  88% (8/9)Counting objects: 100% (9/9)Counting objects: 100% (9/9), done.
Delta compression using up to 8 threads
Compressing objects:  11% (1/9)Compressing objects:  22% (2/9)Compressing objects:  33% (3/9)Compressing objects:  44% (4/9)Compressing objects:  55% (5/9)Compressing objects:  66% (6/9)Compressing objects:  77% (7/9)Compressing objects:  88% (8/9)Compressing objects: 100% (9/9)Compressing objects: 100% (9/9), done.
Writing objects:  11% (1/9)Writing objects:  22% (2/9)Writing objects:  33% (3/9)Writing objects:  44% (4/9)Writing objects:  55% (5/9)Writing objects:  66% (6/9)Writing objects:  66% (6/9), 1.30 MiB | 1.11 MiB/sWriting objects:  77% (7/9), 1.30 MiB | 1.11 MiB/sWriting objects:  88% (8/9), 1.30 MiB | 1.11 MiB/sWriting objects: 100% (9/9), 1.30 MiB | 1.11 MiB/sWriting objects: 100% (9/9), 1.83 MiB | 1.44 MiB/s, done.
Total 9 (delta 0), reused 0 (delta 0)
To github.com:janakiguggilla/git-tutorial.git
 * [new branch]      master -> master
Branch 'master' set up to track remote branch 'master' from 'origin'.
]0;janaki@TIGER03521: /mnt/c/Users/janaki.guggilla/Downloads/Assignment[01;32mjanaki@TIGER03521[00m:[01;34m/mnt/c/Users/janaki.guggilla/Downloads/Assignment[00m$ git add README.md
fatal: pathspec 'README.md' did not match any files
]0;janaki@TIGER03521: /mnt/c/Users/janaki.guggilla/Downloads/Assignment[01;32mjanaki@TIGER03521[00m:[01;34m/mnt/c/Users/janaki.guggilla/Downloads/Assignment[00m$ cat .gitignore
cat: .gitignore: No such file or directory
]0;janaki@TIGER03521: /mnt/c/Users/janaki.guggilla/Downloads/Assignment[01;32mjanaki@TIGER03521[00m:[01;34m/mnt/c/Users/janaki.guggilla/Downloads/Assignment[00m$ git add .gitignore
fatal: pathspec '.gitignore' did not match any files
]0;janaki@TIGER03521: /mnt/c/Users/janaki.guggilla/Downloads/Assignment[01;32mjanaki@TIGER03521[00m:[01;34m/mnt/c/Users/janaki.guggilla/Downloads/Assignment[00m$ git status
On branch master
Your branch is up to date with 'origin/master'.

nothing to commit, working tree clean
]0;janaki@TIGER03521: /mnt/c/Users/janaki.guggilla/Downloads/Assignment[01;32mjanaki@TIGER03521[00m:[01;34m/mnt/c/Users/janaki.guggilla/Downloads/Assignment[00m$ echo "# git-tutorial" >> README.d[Kmd
]0;janaki@TIGER03521: /mnt/c/Users/janaki.guggilla/Downloads/Assignment[01;32mjanaki@TIGER03521[00m:[01;34m/mnt/c/Users/janaki.guggilla/Downloads/Assignment[00m$ git add README.md
]0;janaki@TIGER03521: /mnt/c/Users/janaki.guggilla/Downloads/Assignment[01;32mjanaki@TIGER03521[00m:[01;34m/mnt/c/Users/janaki.guggilla/Downloads/Assignment[00m$ git log
[?1h=[33mcommit 3447c35a922fbc0e875542b017016a24f0b610b6[m[33m ([m[1;36mHEAD -> [m[1;32mmaster[m[33m, [m[1;31morigin/master[m[33m)[m[m
Author: janakiguggilla <janaki.guggilla@tigeranalytics.com>[m
Date:   Tue Jul 26 17:14:36 2022 +0530[m
[m
    first commit[m
[K[?1l>]0;janaki@TIGER03521: /mnt/c/Users/janaki.guggilla/Downloads/Assignment[01;32mjanaki@TIGER03521[00m:[01;34m/mnt/c/Users/janaki.guggilla/Downloads/Assignment[00m$ git log --stat
[?1h=[33mcommit 3447c35a922fbc0e875542b017016a24f0b610b6[m[33m ([m[1;36mHEAD -> [m[1;32mmaster[m[33m, [m[1;31morigin/master[m[33m)[m[m
Author: janakiguggilla <janaki.guggilla@tigeranalytics.com>[m
Date:   Tue Jul 26 17:14:36 2022 +0530[m
[m
    first commit[m
[m
 .ipynb_checkpoints/assignment_regression-checkpoint.ipynb | 2205 [32m++++++++++++++++++++++[m[m
 ASSET_METADATA.csv                                        | 5402 [32m+++++++++++++++++++++++++++++++++++++++++++++++++++++[m[m
 ASSET_METADATA.xlsx                                       |  Bin [31m0[m -> [32m516786[m bytes[m
 Revenue Generated by a Movie Asset.pdf                    |  Bin [31m0[m -> [32m647031[m bytes[m
 Schedule Data.csv                                         | 2518 [32m+++++++++++++++++++++++++[m[m
 assignment_regression.ipynb                               | 4842 [32m+++++++++++++++++++++++++++++++++++++++++++++++[m[m
 6 files changed, 14967 insertions(+)[m
[K[?1l>]0;janaki@TIGER03521: /mnt/c/Users/janaki.guggilla/Downloads/Assignment[01;32mjanaki@TIGER03521[00m:[01;34m/mnt/c/Users/janaki.guggilla/Downloads/Assignment[00m$ gir[K t [K[K[Kt remote
origin
]0;janaki@TIGER03521: /mnt/c/Users/janaki.guggilla/Downloads/Assignment[01;32mjanaki@TIGER03521[00m:[01;34m/mnt/c/Users/janaki.guggilla/Downloads/Assignment[00m$ git remote -v
origin	git@github.com:janakiguggilla/git-tutorial.git (fetch)
origin	git@github.com:janakiguggilla/git-tutorial.git (push)
]0;janaki@TIGER03521: /mnt/c/Users/janaki.guggilla/Downloads/Assignment[01;32mjanaki@TIGER03521[00m:[01;34m/mnt/c/Users/janaki.guggilla/Downloads/Assignment[00m$ git tag
[?1h=[K[?1l>]0;janaki@TIGER03521: /mnt/c/Users/janaki.guggilla/Downloads/Assignment[01;32mjanaki@TIGER03521[00m:[01;34m/mnt/c/Users/janaki.guggilla/Downloads/Assignment[00m$ git tah [K[Kg -a -[Kv1.1 -m "my version 1.2"
]0;janaki@TIGER03521: /mnt/c/Users/janaki.guggilla/Downloads/Assignment[01;32mjanaki@TIGER03521[00m:[01;34m/mnt/c/Users/janaki.guggilla/Downloads/Assignment[00m$ git tag
[?1h=v1.1[m
[K[?1l>]0;janaki@TIGER03521: /mnt/c/Users/janaki.guggilla/Downloads/Assignment[01;32mjanaki@TIGER03521[00m:[01;34m/mnt/c/Users/janaki.guggilla/Downloads/Assignment[00m$ git show v1.1
[?1h=[33mtag v1.1[m[m
Tagger: janakiguggilla <janaki.guggilla@tigeranalytics.com>[m
Date:   Tue Jul 26 17:32:42 2022 +0530[m
[m
my version 1.2[m
[m
[33mcommit 3447c35a922fbc0e875542b017016a24f0b610b6[m[33m ([m[1;36mHEAD -> [m[1;32mmaster[m[33m, [m[1;33mtag: v1.1[m[33m, [m[1;31morigin/master[m[33m)[m[m
Author: janakiguggilla <janaki.guggilla@tigeranalytics.com>[m
Date:   Tue Jul 26 17:14:36 2022 +0530[m
[m
    first commit[m
[m
[1mdiff --git a/.ipynb_checkpoints/assignment_regression-checkpoint.ipynb b/.ipynb_checkpoints/assignment_regression-checkp[m [1moint.ipynb[m[m
[1mnew file mode 100644[m[m
[1mindex 0000000..3c532f3[m[m
[1m--- /dev/null[m[m
[1m+++ b/.ipynb_checkpoints/assignment_regression-checkpoint.ipynb[m[m
[36m@@ -0,0 +1,2205 @@[m[m
[32m+[m[32m{[m[m
[32m+[m[32m "cells": [[m[m
[32m+[m[32m  {[m[m
[32m+[m[32m   "cell_type": "code",[m[m
[32m+[m[32m   "execution_count": 2,[m[m
[32m+[m[32m   "metadata": {},[m[m
[32m+[m[32m   "outputs": [],[m[m
[32m+[m[32m   "source": [[m[m
[32m+[m[32m    "import pandas as pd\n",[m[m
[32m+[m[32m    "import numpy as np\n",[m[m
:[K[K[32m+[m[32m    "import matplotlib.pyplot as plt\n",[m[m
:[K[K[HM[33mtag v1.1[m[m
[30;1H[K:[K[K:[K[K[7mNo next tag  (press RETURN)[27m[30;1H[K[K:[K[K [KESCESC[KESCESC[K:[K[K[K:[K[K:[K[K[7mNo next tag  (press RETURN)[27m[30;1H[K[K:[K[K[32m+[m[32m    "import matplotlib.pyplot as plt\n",[m[m
:[K[K[32m+[m[32m    "import seaborn as sns"[m[m
:[K[K[32m+[m[32m   ][m[m
:[K[K[32m+[m[32m  },[m[m
:[K[K[32m+[m[32m  {[m[m
:[K[K[HMmy version 1.2[m
[HM[m
[HMDate:   Tue Jul 26 17:32:42 2022 +0530[m
[HMTagger: janakiguggilla <janaki.guggilla@tigeranalytics.com>[m
[HM[33mtag v1.1[m[m
[30;1H[K:[K[K:[K[K[7mNo next tag  (press RETURN)[27m[30;1H[K[K:[K[K[32m+[m[32m    "import matplotlib.pyplot as plt\n",[m[m
:[K[K[32m+[m[32m    "import seaborn as sns"[m[m
:[K[K [KESCESC[KESCESC[K[HMTagger: janakiguggilla <janaki.guggilla@tigeranalytics.com>[m
[HM[33mtag v1.1[m[m
[30;1H[K:[K[K[K:[K[K:[K[K[7mNo next tag  (press RETURN)[27m[30;1H[K[K:[K[K[32m+[m[32m    "import matplotlib.pyplot as plt\n",[m[m
:[K[K[32m+[m[32m    "import seaborn as sns"[m[m
:[K[K[32m+[m[32m   ][m[m
:[K[K[32m+[m[32m  },[m[m
:[K[K[32m+[m[32m  {[m[m
:[K[K[32m+[m[32m   "cell_type": "code",[m[m
:[K[K[32m+[m[32m   "execution_count": 3,[m[m
:[K[K[32m+[m[32m   "metadata": {},[m[m
:[K[K[32m+[m[32m   "outputs": [],[m[m
:[K[K[32m+[m[32m   "source": [[m[m
:[K[K[32m+[m[32m    "asset_data = pd.read_csv('ASSET_METADATA.csv')"[m[m
:[K[K[32m+[m[32m   ][m[m
:[K[K[32m+[m[32m  },[m[m
:[K[K[32m+[m[32m  {[m[m
:[K[K[32m+[m[32m   "cell_type": "code",[m[m
:[K[K[32m+[m[32m   "execution_count": 4,[m[m
:[K[K[32m+[m[32m   "metadata": {},[m[m
:[K[K[32m+[m[32m   "outputs": [],[m[m
:[K[K[32m+[m[32m   "source": [[m[m
:[K[K[32m+[m[32m    "schedule_data = pd.read_csv('Schedule Data.csv')"[m[m
:[K[K[32m+[m[32m   ][m[m
:[K[K[32m+[m[32m  },[m[m
:[K[K[32m+[m[32m  {[m[m
:[K[K[32m+[m[32m   "cell_type": "code",[m[m
:[K[K[32m+[m[32m   "execution_count": 5,[m[m
:[K[K[32m+[m[32m   "metadata": {},[m[m
:[K[K[32m+[m[32m   "outputs": [[m[m
:[K[K[32m+[m[32m    {[m[m
:[K[K[32m+[m[32m     "data": {[m[m
:[K[K[32m+[m[32m      "text/html": [[m[m
:[K[K[32m+[m[32m       "<div>\n",[m[m
:[K[K[32m+[m[32m       "<style scoped>\n",[m[m
:[K[K[32m+[m[32m       "    .dataframe tbody tr th:only-of-type {\n",[m[m
:[K[K[32m+[m[32m       "        vertical-align: middle;\n",[m[m
:[K[K[32m+[m[32m       "    }\n",[m[m
:[K[K[32m+[m[32m       "\n",[m[m
:[K[K[32m+[m[32m       "    .dataframe tbody tr th {\n",[m[m
:[K[K[32m+[m[32m       "        vertical-align: top;\n",[m[m
:[K[K[32m+[m[32m       "    }\n",[m[m
:[K[K[32m+[m[32m       "\n",[m[m
:[K[K[32m+[m[32m       "    .dataframe thead th {\n",[m[m
:[K[K[32m+[m[32m       "        text-align: right;\n",[m[m
:[K[K[32m+[m[32m       "    }\n",[m[m
:[K[K[32m+[m[32m       "</style>\n",[m[m
:[K[K[32m+[m[32m       "<table border=\"1\" class=\"dataframe\">\n",[m[m
:[K[K[32m+[m[32m       "  <thead>\n",[m[m
:[K[K[32m+[m[32m       "    <tr style=\"text-align: right;\">\n",[m[m
:[K[K[32m+[m[32m       "      <th></th>\n",[m[m
:[K[K[32m+[m[32m       "      <th>ASSET_ID</th>\n",[m[m
:[K[K[32m+[m[32m       "      <th>RELEASE_YEAR</th>\n",[m[m
:[K[K[32m+[m[32m       "      <th>MPAA_RATING</th>\n",[m[m
:[K[K[32m+[m[32m       "      <th>GENRE</th>\n",[m[m
:[K[K[32m+[m[32m       "      <th>IMDB_RATING</th>\n",[m[m
:[K[K[32m+[m[32m       "      <th>IMDB_RANKING</th>\n",[m[m
:[K[K[32m+[m[32m       "      <th>IMDB_VOTES</th>\n",[m[m
:[K[K[32m+[m[32m       "      <th>Oscar-Nomination</th>\n",[m[m
:[K[K[32m+[m[32m       "      <th>Oscar-Wins</th>\n",[m[m
:[K[K[32m+[m[32m       "      <th>Other - Nominations</th>\n",[m[m
:[K[K[32m+[m[32m       "      <th>...</th>\n",[m[m
:[K[K:[K[K[H[2J[HM[32m+[m[32m    "import numpy as np\n",[m[m
[HM[32m+[m[32m    "import pandas as pd\n",[m[m
[HM[32m+[m[32m   "source": [[m[m
[HM[32m+[m[32m   "outputs": [],[m[m
[HM[32m+[m[32m   "metadata": {},[m[m
[HM[32m+[m[32m   "execution_count": 2,[m[m
[HM[32m+[m[32m   "cell_type": "code",[m[m
[HM[32m+[m[32m  {[m[m
[HM[32m+[m[32m "cells": [[m[m
[HM[32m+[m[32m{[m[m
[HM[36m@@ -0,0 +1,2205 @@[m[m
[HM[1m+++ b/.ipynb_checkpoints/assignment_regression-checkpoint.ipynb[m[m
[HM[1m--- /dev/null[m[m
[HM[1mindex 0000000..3c532f3[m[m
[HM[1mnew file mode 100644[m[m
[HM[1moint.ipynb[m[m
[HM[1mdiff --git a/.ipynb_checkpoints/assignment_regression-checkpoint.ipynb b/.ipynb_checkpoints/assignment_regression-checkp[m[HM[m
[HM    first commit[m
[HM[m
[HMDate:   Tue Jul 26 17:14:36 2022 +0530[m
[HMAuthor: janakiguggilla <janaki.guggilla@tigeranalytics.com>[m
[HM[33mcommit 3447c35a922fbc0e875542b017016a24f0b610b6[m[33m ([m[1;36mHEAD -> [m[1;32mmaster[m[33m, [m[1;33mtag: v1.1[m[33m, [m[1;31morigin/master[m[33m)[m[m
[HM[m
[HMmy version 1.2[m
[HM[m
[HMDate:   Tue Jul 26 17:32:42 2022 +0530[m
[HMTagger: janakiguggilla <janaki.guggilla@tigeranalytics.com>[m
[HM[33mtag v1.1[m[m
[30;1H[K:[K[K:[K[K[7mNo next tag  (press RETURN)[27m[30;1H[K[K:[K[K...skipping...
[m
                   [1mSUMMARY[0m [1mOF[0m [1mLESS[0m [1mCOMMANDS[0m[m
[m
      Commands marked with * may be preceded by a number, [4mN[24m.[m
      Notes in parentheses indicate the behavior if [4mN[24m is given.[m
      A key preceded by a caret indicates the Ctrl key; thus ^K is ctrl-K.[m
[m
  h  H                 Display this help.[m
  q  :q  Q  :Q  ZZ     Exit.[m
 ---------------------------------------------------------------------------[m
[m
                           [1mMOVING[0m[m
[m
  e  ^E  j  ^N  CR  *  Forward  one line   (or [4mN[24m lines).[m
  y  ^Y  k  ^K  ^P  *  Backward one line   (or [4mN[24m lines).[m
  f  ^F  ^V  SPACE  *  Forward  one window (or [4mN[24m lines).[m
  b  ^B  ESC-v      *  Backward one window (or [4mN[24m lines).[m
  z                 *  Forward  one window (and set window to [4mN[24m).[m
  w                 *  Backward one window (and set window to [4mN[24m).[m
  ESC-SPACE         *  Forward  one window, but don't stop at end-of-file.[m
  d  ^D             *  Forward  one half-window (and set half-window to [4mN[24m).[m
  u  ^U             *  Backward one half-window (and set half-window to [4mN[24m).[m
  ESC-)  RightArrow *  Right one half screen width (or [4mN[24m positions).[m
  ESC-(  LeftArrow  *  Left  one half screen width (or [4mN[24m positions).[m
  ESC-}  ^RightArrow   Right to last column displayed.[m
  ESC-{  ^LeftArrow    Left  to first column.[m
  F                    Forward forever; like "tail -f".[m
  ESC-F                Like F but stop when search pattern is found.[m
  r  ^R  ^L            Repaint screen.[m
[7mHELP -- Press RETURN for more, or q when done[27m[K[K  R                    Repaint screen, discarding buffered input.[m
[7mHELP -- Press RETURN for more, or q when done[27m[K[K[7mHELP -- Press RETURN for more, or q when done[27m[K[K[HM[m
[30;1H[K[7mHELP -- Press RETURN for more, or q when done[27m[K[K  R                    Repaint screen, discarding buffered input.[m
[7mHELP -- Press RETURN for more, or q when done[27m[K[K        ---------------------------------------------------[m
[7mHELP -- Press RETURN for more, or q when done[27m[K[K        Default "window" is the screen height.[m
[7mHELP -- Press RETURN for more, or q when done[27m[K...skipping...
[33mtag v1.1[m[m
Tagger: janakiguggilla <janaki.guggilla@tigeranalytics.com>[m
Date:   Tue Jul 26 17:32:42 2022 +0530[m
[m
my version 1.2[m
[m
[33mcommit 3447c35a922fbc0e875542b017016a24f0b610b6[m[33m ([m[1;36mHEAD -> [m[1;32mmaster[m[33m, [m[1;33mtag: v1.1[m[33m, [m[1;31morigin/master[m[33m)[m[m
Author: janakiguggilla <janaki.guggilla@tigeranalytics.com>[m
Date:   Tue Jul 26 17:14:36 2022 +0530[m
[m
    first commit[m
[m
[1mdiff --git a/.ipynb_checkpoints/assignment_regression-checkpoint.ipynb b/.ipynb_checkpoints/assignment_regression-checkp[m [1moint.ipynb[m[m
[1mnew file mode 100644[m[m
[1mindex 0000000..3c532f3[m[m
[1m--- /dev/null[m[m
[1m+++ b/.ipynb_checkpoints/assignment_regression-checkpoint.ipynb[m[m
[36m@@ -0,0 +1,2205 @@[m[m
[32m+[m[32m{[m[m
[32m+[m[32m "cells": [[m[m
[32m+[m[32m  {[m[m
[32m+[m[32m   "cell_type": "code",[m[m
[32m+[m[32m   "execution_count": 2,[m[m
[32m+[m[32m   "metadata": {},[m[m
[32m+[m[32m   "outputs": [],[m[m
[32m+[m[32m   "source": [[m[m
[32m+[m[32m    "import pandas as pd\n",[m[m
[32m+[m[32m    "import numpy as np\n",[m[m
:[K[K[K:[K[K:[K[K[7mNo next tag  (press RETURN)[27m[30;1H[K[K:[K[K...skipping...
[m
                   [1mSUMMARY[0m [1mOF[0m [1mLESS[0m [1mCOMMANDS[0m[m
[m
      Commands marked with * may be preceded by a number, [4mN[24m.[m
      Notes in parentheses indicate the behavior if [4mN[24m is given.[m
      A key preceded by a caret indicates the Ctrl key; thus ^K is ctrl-K.[m
[m
  h  H                 Display this help.[m
  q  :q  Q  :Q  ZZ     Exit.[m
 ---------------------------------------------------------------------------[m
[m
                           [1mMOVING[0m[m
[m
  e  ^E  j  ^N  CR  *  Forward  one line   (or [4mN[24m lines).[m
  y  ^Y  k  ^K  ^P  *  Backward one line   (or [4mN[24m lines).[m
  f  ^F  ^V  SPACE  *  Forward  one window (or [4mN[24m lines).[m
  b  ^B  ESC-v      *  Backward one window (or [4mN[24m lines).[m
  z                 *  Forward  one window (and set window to [4mN[24m).[m
  w                 *  Backward one window (and set window to [4mN[24m).[m
  ESC-SPACE         *  Forward  one window, but don't stop at end-of-file.[m
  d  ^D             *  Forward  one half-window (and set half-window to [4mN[24m).[m
  u  ^U             *  Backward one half-window (and set half-window to [4mN[24m).[m
  ESC-)  RightArrow *  Right one half screen width (or [4mN[24m positions).[m
  ESC-(  LeftArrow  *  Left  one half screen width (or [4mN[24m positions).[m
  ESC-}  ^RightArrow   Right to last column displayed.[m
  ESC-{  ^LeftArrow    Left  to first column.[m
  F                    Forward forever; like "tail -f".[m
  ESC-F                Like F but stop when search pattern is found.[m
  r  ^R  ^L            Repaint screen.[m
[7mHELP -- Press RETURN for more, or q when done[27m[K[K  R                    Repaint screen, discarding buffered input.[m
[7mHELP -- Press RETURN for more, or q when done[27m[K[K[7mHELP -- Press RETURN for more, or q when done[27m[K[K[HM[m
[30;1H[K[7mHELP -- Press RETURN for more, or q when done[27m[K[K  R                    Repaint screen, discarding buffered input.[m
[7mHELP -- Press RETURN for more, or q when done[27m[K[K[7mHELP -- Press RETURN for more, or q when done[27m[K[K        ---------------------------------------------------[m
[7mHELP -- Press RETURN for more, or q when done[27m[K[K[7mHELP -- Press RETURN for more, or q when done[27m[K[K[HM                   [1mSUMMARY[0m [1mOF[0m [1mLESS[0m [1mCOMMANDS[0m[m
[HM[m
[30;1H[K[7mHELP -- Press RETURN for more, or q when done[27m[K[K  R                    Repaint screen, discarding buffered input.[m
[7mHELP -- Press RETURN for more, or q when done[27m[K...skipping...
[33mtag v1.1[m[m
Tagger: janakiguggilla <janaki.guggilla@tigeranalytics.com>[m
Date:   Tue Jul 26 17:32:42 2022 +0530[m
[m
my version 1.2[m
[m
[33mcommit 3447c35a922fbc0e875542b017016a24f0b610b6[m[33m ([m[1;36mHEAD -> [m[1;32mmaster[m[33m, [m[1;33mtag: v1.1[m[33m, [m[1;31morigin/master[m[33m)[m[m
Author: janakiguggilla <janaki.guggilla@tigeranalytics.com>[m
Date:   Tue Jul 26 17:14:36 2022 +0530[m
[m
    first commit[m
[m
[1mdiff --git a/.ipynb_checkpoints/assignment_regression-checkpoint.ipynb b/.ipynb_checkpoints/assignment_regression-checkp[m [1moint.ipynb[m[m
[1mnew file mode 100644[m[m
[1mindex 0000000..3c532f3[m[m
[1m--- /dev/null[m[m
[1m+++ b/.ipynb_checkpoints/assignment_regression-checkpoint.ipynb[m[m
[36m@@ -0,0 +1,2205 @@[m[m
[32m+[m[32m{[m[m
[32m+[m[32m "cells": [[m[m
[32m+[m[32m  {[m[m
[32m+[m[32m   "cell_type": "code",[m[m
[32m+[m[32m   "execution_count": 2,[m[m
[32m+[m[32m   "metadata": {},[m[m
[32m+[m[32m   "outputs": [],[m[m
[32m+[m[32m   "source": [[m[m
[32m+[m[32m    "import pandas as pd\n",[m[m
[32m+[m[32m    "import numpy as np\n",[m[m
:[K[K[?1l>]0;janaki@TIGER03521: /mnt/c/Users/janaki.guggilla/Downloads/Assignment[01;32mjanaki@TIGER03521[00m:[01;34m/mnt/c/Users/janaki.guggilla/Downloads/Assignment[00m$ git commit[K[K[K[Knfig --global alias.st status
]0;janaki@TIGER03521: /mnt/c/Users/janaki.guggilla/Downloads/Assignment[01;32mjanaki@TIGER03521[00m:[01;34m/mnt/c/Users/janaki.guggilla/Downloads/Assignment[00m$ git branch'exercise
> q[Kexit
> done
> git branch'exercise
exit
done[A[A[C[Cconfig --global alias.st status
[K
[K[A[A[C[C[C[C[C[C[C[C[C[C[C[C[C[C[C[C[C[C[C[C[C[C[C[C[C[C[C[C[C[C[C[C[C[C[C[C[C[C[C[C[C[C[C[16Pbranch'exercise
exit
done[A[A[K
[K
[K[A[A[C[C
> done
> q
> git[K[K[Kcd
> ^C
]0;janaki@TIGER03521: /mnt/c/Users/janaki.guggilla/Downloads/Assignment[01;32mjanaki@TIGER03521[00m:[01;34m/mnt/c/Users/janaki.guggilla/Downloads/Assignment[00m$ git branch testing
]0;janaki@TIGER03521: /mnt/c/Users/janaki.guggilla/Downloads/Assignment[01;32mjanaki@TIGER03521[00m:[01;34m/mnt/c/Users/janaki.guggilla/Downloads/Assignment[00m$ git add README tets.rb LICENSE
fatal: pathspec 'README' did not match any files
]0;janaki@TIGER03521: /mnt/c/Users/janaki.guggilla/Downloads/Assignment[01;32mjanaki@TIGER03521[00m:[01;34m/mnt/c/Users/janaki.guggilla/Downloads/Assignment[00m$ git checkout testing
A	README.md
Switched to branch 'testing'
]0;janaki@TIGER03521: /mnt/c/Users/janaki.guggilla/Downloads/Assignment[01;32mjanaki@TIGER03521[00m:[01;34m/mnt/c/Users/janaki.guggilla/Downloads/Assignment[00m$ git push -u origin testing
Enter passphrase for key '/home/janaki/.ssh/id_rsa': 
Enumerating objects: 9, done.
Counting objects:  11% (1/9)Counting objects:  22% (2/9)Counting objects:  33% (3/9)Counting objects:  44% (4/9)Counting objects:  55% (5/9)Counting objects:  66% (6/9)Counting objects:  77% (7/9)Counting objects:  88% (8/9)Counting objects: 100% (9/9)Counting objects: 100% (9/9), done.
Delta compression using up to 8 threads
Compressing objects:  11% (1/9)Compressing objects:  22% (2/9)Compressing objects:  33% (3/9)Compressing objects:  44% (4/9)Compressing objects:  55% (5/9)Compressing objects:  66% (6/9)Compressing objects:  77% (7/9)Compressing objects:  88% (8/9)Compressing objects: 100% (9/9)Compressing objects: 100% (9/9), done.
Writing objects:  11% (1/9)Writing objects:  22% (2/9)Writing objects:  33% (3/9)Writing objects:  44% (4/9)Writing objects:  55% (5/9)Writing objects:  66% (6/9)Writing objects:  66% (6/9), 1.30 MiB | 1.11 MiB/sWriting objects:  77% (7/9), 1.30 MiB | 1.11 MiB/sWriting objects:  88% (8/9), 1.30 MiB | 1.11 MiB/sWriting objects: 100% (9/9), 1.30 MiB | 1.11 MiB/sWriting objects: 100% (9/9), 1.83 MiB | 1.44 MiB/s, done.
Total 9 (delta 0), reused 0 (delta 0)
remote: 
remote: Create a pull request for 'testing' on GitHub by visiting:[K
remote:      https://github.com/janakiguggilla/git-tutorial/pull/new/testing[K
remote: 
To github.com:janakiguggilla/git-tutorial.git
 * [new branch]      testing -> testing
Branch 'testing' set up to track remote branch 'testing' from 'origin'.
]0;janaki@TIGER03521: /mnt/c/Users/janaki.guggilla/Downloads/Assignment[01;32mjanaki@TIGER03521[00m:[01;34m/mnt/c/Users/janaki.guggilla/Downloads/Assignment[00m$ git checkout master
A	README.md
Switched to branch 'master'
Your branch is up to date with 'origin/master'.
]0;janaki@TIGER03521: /mnt/c/Users/janaki.guggilla/Downloads/Assignment[01;32mjanaki@TIGER03521[00m:[01;34m/mnt/c/Users/janaki.guggilla/Downloads/Assignment[00m$ git log --online --decorate --graph --all
fatal: unrecognized argument: --online
]0;janaki@TIGER03521: /mnt/c/Users/janaki.guggilla/Downloads/Assignment[01;32mjanaki@TIGER03521[00m:[01;34m/mnt/c/Users/janaki.guggilla/Downloads/Assignment[00m$ git log --online --decorate --graph --all[1@e
[?1h=* [33m3447c35[m[33m ([m[1;36mHEAD -> [m[1;32mmaster[m[33m, [m[1;33mtag: v1.1[m[33m, [m[1;31morigin/testing[m[33m, [m[1;31morigin/master[m[33m, [m[1;32mtesting[m[33m)[m first commit[m
[K[?1l>]0;janaki@TIGER03521: /mnt/c/Users/janaki.guggilla/Downloads/Assignment[01;32mjanaki@TIGER03521[00m:[01;34m/mnt/c/Users/janaki.guggilla/Downloads/Assignment[00m$ git checkout -n testing [K
error: unknown switch `n'
usage: git checkout [<options>] <branch>
   or: git checkout [<options>] [<branch>] -- <file>...

    -b <branch>           create and checkout a new branch
    -B <branch>           create/reset and checkout a branch
    -l                    create reflog for new branch
    --guess               second guess 'git checkout <no-such-branch>' (default)
    --overlay             use overlay mode (default)
    -q, --quiet           suppress progress reporting
    --recurse-submodules[=<checkout>]
                          control recursive updating of submodules
    --progress            force progress reporting
    -m, --merge           perform a 3-way merge with the new branch
    --conflict <style>    conflict style (merge or diff3)
    -d, --detach          detach HEAD at named commit
    -t, --track           set upstream info for new branch
    -f, --force           force checkout (throw away local modifications)
    --orphan <new-branch>
                          new unparented branch
    --overwrite-ignore    update ignored files (default)
    --ignore-other-worktrees
                          do not check if another worktree is holding the given ref
    -2, --ours            checkout our version for unmerged files
    -3, --theirs          checkout their version for unmerged files
    -p, --patch           select hunks interactively
    --ignore-skip-worktree-bits
                          do not limit pathspecs to sparse entries only
    --pathspec-from-file <file>
                          read pathspec from file
    --pathspec-file-nul   with --pathspec-from-file, pathspec elements are separated with NUL character

]0;janaki@TIGER03521: /mnt/c/Users/janaki.guggilla/Downloads/Assignment[01;32mjanaki@TIGER03521[00m:[01;34m/mnt/c/Users/janaki.guggilla/Downloads/Assignment[00m$ git checkout -n testing[1P testingb testing
fatal: A branch named 'testing' already exists.
]0;janaki@TIGER03521: /mnt/c/Users/janaki.guggilla/Downloads/Assignment[01;32mjanaki@TIGER03521[00m:[01;34m/mnt/c/Users/janaki.guggilla/Downloads/Assignment[00m$ git[K[K[Kgit checkout -b testing[1Ptesting[1Ptesting
error: unknown switch `e'
usage: git checkout [<options>] <branch>
   or: git checkout [<options>] [<branch>] -- <file>...

    -b <branch>           create and checkout a new branch
    -B <branch>           create/reset and checkout a branch
    -l                    create reflog for new branch
    --guess               second guess 'git checkout <no-such-branch>' (default)
    --overlay             use overlay mode (default)
    -q, --quiet           suppress progress reporting
    --recurse-submodules[=<checkout>]
                          control recursive updating of submodules
    --progress            force progress reporting
    -m, --merge           perform a 3-way merge with the new branch
    --conflict <style>    conflict style (merge or diff3)
    -d, --detach          detach HEAD at named commit
    -t, --track           set upstream info for new branch
    -f, --force           force checkout (throw away local modifications)
    --orphan <new-branch>
                          new unparented branch
    --overwrite-ignore    update ignored files (default)
    --ignore-other-worktrees
                          do not check if another worktree is holding the given ref
    -2, --ours            checkout our version for unmerged files
    -3, --theirs          checkout their version for unmerged files
    -p, --patch           select hunks interactively
    --ignore-skip-worktree-bits
                          do not limit pathspecs to sparse entries only
    --pathspec-from-file <file>
                          read pathspec from file
    --pathspec-file-nul   with --pathspec-from-file, pathspec elements are separated with NUL character

]0;janaki@TIGER03521: /mnt/c/Users/janaki.guggilla/Downloads/Assignment[01;32mjanaki@TIGER03521[00m:[01;34m/mnt/c/Users/janaki.guggilla/Downloads/Assignment[00m$ git checkout -testing[1Ptesting
A	README.md
Switched to branch 'testing'
Your branch is up to date with 'origin/testing'.
]0;janaki@TIGER03521: /mnt/c/Users/janaki.guggilla/Downloads/Assignment[01;32mjanaki@TIGER03521[00m:[01;34m/mnt/c/Users/janaki.guggilla/Downloads/Assignment[00m$ vim index.html
[?1049h[22;0;0t[>4;2m[?1h=[?2004h[1;30r[?12h[?12l[22;2t[22;1t[27m[23m[29m[m[H[2J[?25l[30;1H"index.html" [New File][2;1H▽[6n[2;1H  [1;1H[>c]10;?]11;?[2;1H[94m~                                                                                                                       [3;1H~                                                                                                                       [4;1H~                                                                                                                       [5;1H~                                                                                                                       [6;1H~                                                                                                                       [7;1H~                                                                                                                       [8;1H~                                                                                                                       [9;1H~                                                                                                                       [10;1H~                                                                                                                       [11;1H~                                                                                                                       [12;1H~                                                                                                                       [13;1H~                                                                                                                       [14;1H~                                                                                                                       [15;1H~                                                                                                                       [16;1H~                                                                                                                       [17;1H~                                                                                                                       [18;1H~                                                                                                                       [19;1H~                                                                                                                       [20;1H~                                                                                                                       [21;1H~                                                                                                                       [22;1H~                                                                                                                       [23;1H~                                                                                                                       [24;1H~                                                                                                                       [25;1H~                                                                                                                       [26;1H~                                                                                                                       [27;1H~                                                                                                                       [28;1H~                                                                                                                       [29;1H~                                                                                                                       [m[30;103H0,0-1[9CAll[1;1H[?25h[?25l[30;93H^[[1;1H[30;95H[[1;1H[30;96H>[1;1H[30;97H0[1;1H[30;98H;[1;1H[30;99H1[1;1H[30;100H0[1;1H[30;101H;[1;1H[30;93H         [1;1H[?25h[?25l[30;93H^O[1;1H[30;93H  [1;1H[?25h[?25l[30;93Hn[1;1H[30;1H[97m[41mE35: No previous regular expression[m[30;93H[K[1;1H[30;103H0,0-1[9CAll[1;1H[?25h[?25l[30;93He[1;1H[30;93H [1;1H[?25h[?25l[30;93Hw[1;1H[30;93H [1;1H[?25h[?25l[30;93Hn[1;1H[30;93H[K[1;1H[30;103H0,0-1[9CAll[1;1H[?25h[27m[23m[29m[m[H[2J[?25l[2;1H[94m~                                                                                                                                                                                                                  [3;1H~                                                                                                                                                                                                                  [4;1H~                                                                                                                                                                                                                  [5;1H~                                                                                                                                                                                                                  [6;1H~                                                                                                                                                                                                                  [7;1H~                                                                                                                                                                                                                  [8;1H~                                                                                                                                                                                                                  [9;1H~                                                                                                                                                                                                                  [10;1H~                                                                                                                                                                                                                  [11;1H~                                                                                                                                                                                                                  [12;1H~                                                                                                                                                                                                                  [13;1H~                                                                                                                                                                                                                  [14;1H~                                                                                                                                                                                                                  [15;1H~                                                                                                                                                                                                                  [16;1H~                                                                                                                                                                                                                  [17;1H~                                                                                                                                                                                                                  [18;1H~                                                                                                                                                                                                                  [19;1H~                                                                                                                                                                                                                  [20;1H~                                                                                                                                                                                                                  [21;1H~                                                                                                                                                                                                                  [22;1H~                                                                                                                                                                                                                  [23;1H~                                                                                                                                                                                                                  [24;1H~                                                                                                                                                                                                                  [25;1H~                                                                                                                                                                                                                  [26;1H~                                                                                                                                                                                                                  [27;1H~                                                                                                                                                                                                                  [28;1H~                                                                                                                                                                                                                  [29;1H~                                                                                                                                                                                                                  [30;1H~                                                                                                                                                                                                                  [31;1H~                                                                                                                                                                                                                  [32;1H~                                                                                                                                                                                                                  [33;1H~                                                                                                                                                                                                                  [34;1H~                                                                                                                                                                                                                  [35;1H~                                                                                                                                                                                                                  [36;1H~                                                                                                                                                                                                                  [37;1H~                                                                                                                                                                                                                  [38;1H~                                                                                                                                                                                                                  [39;1H~                                                                                                                                                                                                                  [40;1H~                                                                                                                                                                                                                  [41;1H~                                                                                                                                                                                                                  [42;1H~                                                                                                                                                                                                                  [43;1H~                                                                                                                                                                                                                  [44;1H~                                                                                                                                                                                                                  [45;1H~                                                                                                                                                                                                                  [46;1H~                                                                                                                                                                                                                  [47;1H~                                                                                                                                                                                                                  [48;1H~                                                                                                                                                                                                                  [m[49;194H0,0-1[9CAll[1;1H[?25h[27m[23m[29m[m[H[2J[?25l[2;1H[94m~                                                                                                                       [3;1H~                                                                                                                       [4;1H~                                                                                                                       [5;1H~                                                                                                                       [6;1H~                                                                                                                       [7;1H~                                                                                                                       [8;1H~                                                                                                                       [9;1H~                                                                                                                       [10;1H~                                                                                                                       [11;1H~                                                                                                                       [12;1H~                                                                                                                       [13;1H~                                                                                                                       [14;1H~                                                                                                                       [15;1H~                                                                                                                       [16;1H~                                                                                                                       [17;1H~                                                                                                                       [18;1H~                                                                                                                       [19;1H~                                                                                                                       [20;1H~                                                                                                                       [21;1H~                                                                                                                       [22;1H~                                                                                                                       [23;1H~                                                                                                                       [24;1H~                                                                                                                       [25;1H~                                                                                                                       [26;1H~                                                                                                                       [27;1H~                                                                                                                       [28;1H~                                                                                                                       [29;1H~                                                                                                                       [m[30;103H0,0-1[9CAll[1;1H[?25h[?25l[30;93Hn[1;1H[30;1H[97m[41mE35: No previous regular expression[m[30;93H[K[1;1H[30;103H0,0-1[9CAll[1;1H[?25h[?25l[30;93H^[[1;1H[30;93H  [1;1H[30;93H^[[1;1H[30;93H  [1;1H[?25h[?25l[30;93H^[[1;1H[30;93H  [1;1H[30;93H^[[1;1H[30;93H  [1;1H[?25h[?25l[30;93H^[[1;1H[30;93H  [1;1H[30;93H^[[1;1H[30;93H  [1;1H[?25h[?25l[30;93H^[[1;1H[30;93H  [1;1H[30;93H^[[1;1H[30;93H  [1;1H[?25h[?25l[30;93H^[[1;1H[30;93H  [1;1H[30;93H^[[1;1H[30;93H  [1;1H[?25h[?25l[30;93H:[1;1H[30;1H[K[30;1H:[?2004h[?25hw[?25l"index.html" [New] 0L, 0C written[1;1H[30;103H0,0-1[9CAll[30;103H[K[30;103H0,0-1[9CAll[1;1H[?25h[?25l[30;93H^[[1;1H[30;93H  [1;1H[30;93H^[[1;1H[30;93H  [1;1H[?25h[?25l[30;93H^M[1;1H[30;93H  [1;1H[?25h[?25l[30;93H:[1;1H[30;1H[K[30;1H:[?2004h[?25h [?25l[1;1H[30;103H0,0-1[9CAll[1;1H[?25h[?25l[30;93Ht[1;1H[?25h[?25l[30;94Hh[1;1H[30;93H  [1;1H[?25h[?25l[30;93Hi[1;1H[30;93H [1;1H[30;1H[1m-- INSERT --[m[30;103H[K[30;103H0,1[11CAll[1;1H[?25h[?25ls[30;103H1,2[1;2H[?25h[?25lt[30;105H3[1;3H[?25h[?25lh[30;105H4[1;4H[?25h[?25li[30;105H5[1;5H[?25h[?25ls[30;105H6[1;6H[?25h[?25l[30;105H7[1;7H[?25h[?25lo[30;105H8[1;8H[?25h[?25ls[30;105H9[1;9H[?25h[?25l[30;105H10[1;10H[?25h[?25l[30;105H9 [1;9H[?25h[?25l[1;8H[K[30;105H8[1;8H[?25h[?25l[1;7H[K[30;105H7[1;7H[?25h[?25li[30;105H8[1;8H[?25h[?25ls[30;105H9[1;9H[?25h[?25l[30;105H10[1;10H[?25h[?25ln[30;106H1[1;11H[?25h[?25le[30;106H2[1;12H[?25h[?25lw[30;106H3[1;13H[?25h[?25l[30;106H4[1;14H[?25h[?25lf[30;106H5[1;15H[?25h[?25li[30;106H6[1;16H[?25h[?25ll[30;106H7[1;17H[?25h[?25le[30;106H8[1;18H[?25h[?25l[30;106H9[1;19H[?25h[?25lc[30;105H20[1;20H[?25h[?25lr[30;106H1[1;21H[?25h[?25le[30;106H2[1;22H[?25h[?25la[30;106H3[1;23H[?25h[?25lt[30;106H4[1;24H[?25h[?25le[30;106H5[1;25H[?25h[?25ld[30;106H6[1;26H[?25h[?25l[2;1H[K[30;103H2,1 [2;1H[?25h[?25lh[30;105H2[2;2H[?25h[?25lt[30;105H3[2;3H[?25h[?25lm[30;105H4[2;4H[?25h[?25ll[30;105H5[2;5H[?25h[?25l[30;105H6[2;6H[?25h[?25lf[30;105H7[2;7H[?25h[?25li[30;105H8[2;8H[?25h[?25ll[30;105H9[2;9H[?25h[?25le[30;105H10[2;10H[?25h[?25l[3;1H[K[30;103H3,1 [3;1H[?25h[?25l:[30;105H2[3;2H[?25h[?25lw[30;105H3[3;3H[?25h[?25l[4;1H[K[30;103H4,1[4;1H[?25h[30;1H[K[4;1H[?25l[30;93H^[[4;1H[30;93H  [4;1H[30;103H4,0-1[9CAll[4;1H[?25h[?25l[30;93H^[[4;1H[30;93H  [4;1H[30;93H^[[4;1H[30;93H  [4;1H[?25h[?25l[30;93H^[[4;1H[30;93H  [4;1H[30;93H^[[4;1H[30;93H  [4;1H[?25h[?25l[30;93H:[4;1H[30;93H[K[30;1H:[?2004h[?25hw[?25l"index.html" 4L, 40C written[4;1H[30;103H4,0-1[9CAll[30;103H[K[30;103H4,0-1[9CAll[4;1H[?25h[?25l[30;93H^M[4;1H[30;93H  [4;1H[?25h[?25l[30;93H^[[4;1H[30;93H  [4;1H[30;93H^[[4;1H[30;93H  [4;1H[?25h[?25l[30;93H:[4;1H[30;1H[K[30;1H:[?2004h[?25hx[?25l[?2004l[23;2t[23;1t[30;1H[K[30;1H[?2004l[?1l>[?25h[>4;m[?1049l[23;0;0t]0;janaki@TIGER03521: /mnt/c/Users/janaki.guggilla/Downloads/Assignment[01;32mjanaki@TIGER03521[00m:[01;34m/mnt/c/Users/janaki.guggilla/Downloads/Assignment[00m$ git [Kk [git log options]

Command 'gitk' not found, but can be installed with:

sudo apt install gitk

]0;janaki@TIGER03521: /mnt/c/Users/janaki.guggilla/Downloads/Assignment[01;32mjanaki@TIGER03521[00m:[01;34m/mnt/c/Users/janaki.guggilla/Downloads/Assignment[00m$ sudo apt install gitk
[sudo] password for janaki: 
Reading package lists... 0%Reading package lists... 100%Reading package lists... Done
Building dependency tree... 0%Building dependency tree... 0%Building dependency tree... 50%Building dependency tree... 50%Building dependency tree       
Reading state information... 0%Reading state information... 0%Reading state information... Done
Package gitk is not available, but is referred to by another package.
This may mean that the package is missing, has been obsoleted, or
is only available from another source

[1;31mE: [0mPackage 'gitk' has no installation candidate[0m
]0;janaki@TIGER03521: /mnt/c/Users/janaki.guggilla/Downloads/Assignment[01;32mjanaki@TIGER03521[00m:[01;34m/mnt/c/Users/janaki.guggilla/Downloads/Assignment[00m$ cd
]0;janaki@TIGER03521: ~[01;32mjanaki@TIGER03521[00m:[01;34m~[00m$ sudo apt install gitk
Reading package lists... 0%Reading package lists... 100%Reading package lists... Done
Building dependency tree... 0%Building dependency tree... 0%Building dependency tree... 50%Building dependency tree... 50%Building dependency tree       
Reading state information... 0%Reading state information... 0%Reading state information... Done
Package gitk is not available, but is referred to by another package.
This may mean that the package is missing, has been obsoleted, or
is only available from another source

[1;31mE: [0mPackage 'gitk' has no installation candidate[0m
]0;janaki@TIGER03521: ~[01;32mjanaki@TIGER03521[00m:[01;34m~[00m$ suod [K[K[Kdo apt-get install git
Reading package lists... 0%Reading package lists... 100%Reading package lists... Done
Building dependency tree... 0%Building dependency tree... 0%Building dependency tree... 50%Building dependency tree... 50%Building dependency tree       
Reading state information... 0%Reading state information... 0%Reading state information... Done
git is already the newest version (1:2.25.1-1ubuntu3.2).
git set to manually installed.
0 upgraded, 0 newly installed, 0 to remove and 0 not upgraded.
]0;janaki@TIGER03521: ~[01;32mjanaki@TIGER03521[00m:[01;34m~[00m$ git gui
fatal: 'gui' appears to be a git command, but we were not
able to execute it. Maybe git-gui is broken?
]0;janaki@TIGER03521: ~[01;32mjanaki@TIGER03521[00m:[01;34m~[00m$ cd /mnr[Kt/c/Users/janaki.guggilla/D[KDownloads/Assignmnet[K[K[Kent
]0;janaki@TIGER03521: /mnt/c/Users/janaki.guggilla/Downloads/Assignment[01;32mjanaki@TIGER03521[00m:[01;34m/mnt/c/Users/janaki.guggilla/Downloads/Assignment[00m$ exit
exit

Script done on 2022-07-26 18:17:12+05:30 [COMMAND_EXIT_CODE="0"]
